// Jest Snapshot v1, https://goo.gl/fbAQLP

exports[`offsets.php 1`] = `
====================================options=====================================
parsers: ["php"]
phpVersion: "8.0"
printWidth: 80
                                                                                | printWidth
=====================================input======================================
<?php

// identifier
$obj?->foo;
// variable
$obj?->$var;
// variable variable
$obj?->$$var;
// literal with identifier
$obj?->{foo};
// literal with variable
$obj?->{$var};
// literal with call
$obj?->{call()};
// encapsed (offset type)
$obj?->foo_{'test' . 'bar'};
// variable with literal with call
$obj?->\${call()};

=====================================output=====================================
<?php

// identifier
$obj?->foo;
// variable
$obj?->$var;
// variable variable
$obj?->$$var;
// literal with identifier
$obj?->{foo};
// literal with variable
$obj?->{$var};
// literal with call
$obj?->{call()};
// encapsed (offset type)
$obj?->foo_["test" . "bar"];
// variable with literal with call
$obj?->\${call()};

================================================================================
`;
